Microsoft (R) Macro Assembler Version 14.12.25835.0	    03/27/18 00:44:20
Problem1.asm						     Page 1 - 1


				; AddTwo.asm - adds two 32-bit integers.
				; Chapter 3 example

				.386
				.model flat,stdcall
				.stack 4096
				ExitProcess proto,dwExitCode:dword

 00000000			.data
 00000000 0008				Dog SWORD 	 8
 00000002 FFE7				Cat SWORD	-25
 00000004 FFDC				Mouse SWORD   -36
 00000006 FF9A				Horse SWORD   -102


 00000000			.code
 00000000			main proc
 00000000  0F B7 15			movzx	edx, Dog				
	   00000000 R
 00000007  0F B7 05			movzx	eax, Cat
	   00000002 R
 0000000E  0F B7 1D			movzx	ebx,	Mouse		
	   00000004 R
 00000015  0F B7 0D			movzx	ecx,	Horse	
	   00000006 R
 0000001C  03 D0			add edx, eax
 0000001E  2B D3			sub edx, ebx
 00000020  03 D1			add edx, ecx

					invoke ExitProcess,0
 00000022  6A 00	   *	    push   +000000000h
 00000024  E8 00000000 E   *	    call   ExitProcess
 00000029			main endp
				end main
Microsoft (R) Macro Assembler Version 14.12.25835.0	    03/27/18 00:44:20
Problem1.asm						     Symbols 2 - 1




Segments and Groups:

                N a m e                 Size     Length   Align   Combine Class

FLAT . . . . . . . . . . . . . .	GROUP
STACK  . . . . . . . . . . . . .	32 Bit	 00001000 DWord	  Stack	  'STACK'	 
_DATA  . . . . . . . . . . . . .	32 Bit	 00000008 DWord	  Public  'DATA'	
_TEXT  . . . . . . . . . . . . .	32 Bit	 00000029 DWord	  Public  'CODE'	


Procedures, parameters, and locals:

                N a m e                 Type     Value    Attr

ExitProcess  . . . . . . . . . .	P Near	 00000000 FLAT	Length= 00000000 External STDCALL
main . . . . . . . . . . . . . .	P Near	 00000000 _TEXT	Length= 00000029 Public STDCALL


Symbols:

                N a m e                 Type     Value    Attr

@CodeSize  . . . . . . . . . . .	Number	 00000000h   
@DataSize  . . . . . . . . . . .	Number	 00000000h   
@Interface . . . . . . . . . . .	Number	 00000003h   
@Model . . . . . . . . . . . . .	Number	 00000007h   
@code  . . . . . . . . . . . . .	Text   	 _TEXT
@data  . . . . . . . . . . . . .	Text   	 FLAT
@fardata?  . . . . . . . . . . .	Text   	 FLAT
@fardata . . . . . . . . . . . .	Text   	 FLAT
@stack . . . . . . . . . . . . .	Text   	 FLAT
Cat  . . . . . . . . . . . . . .	Word	 00000002 _DATA	
Dog  . . . . . . . . . . . . . .	Word	 00000000 _DATA	
Horse  . . . . . . . . . . . . .	Word	 00000006 _DATA	
Mouse  . . . . . . . . . . . . .	Word	 00000004 _DATA	

	   0 Warnings
	   0 Errors
